Archive member included because of file (symbol)

c:/users/dawid/documents/mkclipse/avr toolchain/bin/../lib/gcc/avr/5.4.0/avr4\libgcc.a(_exit.o)
                              c:/users/dawid/documents/mkclipse/avr toolchain/bin/../lib/gcc/avr/5.4.0/../../../../avr/lib/avr4/crtatmega48pa.o (exit)
c:/users/dawid/documents/mkclipse/avr toolchain/bin/../lib/gcc/avr/5.4.0/avr4\libgcc.a(_copy_data.o)
                              ./show.o (__do_copy_data)
c:/users/dawid/documents/mkclipse/avr toolchain/bin/../lib/gcc/avr/5.4.0/avr4\libgcc.a(_clear_bss.o)
                              ./buttons.o (__do_clear_bss)

Allocating common symbols
Common symbol       size              file

outputs             0x64              ./outputs.o
show_time           0x4               ./show.o

Memory Configuration

Name             Origin             Length             Attributes
text             0x00000000         0x00002000         xr
data             0x00800060         0x0000ffa0         rw !x
eeprom           0x00810000         0x00010000         rw !x
fuse             0x00820000         0x00000400         rw !x
lock             0x00830000         0x00000400         rw !x
signature        0x00840000         0x00000400         rw !x
user_signatures  0x00850000         0x00000400         rw !x
*default*        0x00000000         0xffffffff

Linker script and memory map

Address of section .data set to 0x800100
LOAD c:/users/dawid/documents/mkclipse/avr toolchain/bin/../lib/gcc/avr/5.4.0/../../../../avr/lib/avr4/crtatmega48pa.o
LOAD ./buttons.o
LOAD ./led_status.o
LOAD ./main.o
LOAD ./outputs.o
LOAD ./show.o
START GROUP
LOAD c:/users/dawid/documents/mkclipse/avr toolchain/bin/../lib/gcc/avr/5.4.0/avr4\libgcc.a
LOAD c:/users/dawid/documents/mkclipse/avr toolchain/bin/../lib/gcc/avr/5.4.0/../../../../avr/lib/avr4\libm.a
LOAD c:/users/dawid/documents/mkclipse/avr toolchain/bin/../lib/gcc/avr/5.4.0/../../../../avr/lib/avr4\libc.a
LOAD c:/users/dawid/documents/mkclipse/avr toolchain/bin/../lib/gcc/avr/5.4.0/../../../../avr/lib/avr4\libatmega48pa.a
END GROUP

.hash
 *(.hash)

.dynsym
 *(.dynsym)

.dynstr
 *(.dynstr)

.gnu.version
 *(.gnu.version)

.gnu.version_d
 *(.gnu.version_d)

.gnu.version_r
 *(.gnu.version_r)

.rel.init
 *(.rel.init)

.rela.init
 *(.rela.init)

.rel.text
 *(.rel.text)
 *(.rel.text.*)
 *(.rel.gnu.linkonce.t*)

.rela.text
 *(.rela.text)
 *(.rela.text.*)
 *(.rela.gnu.linkonce.t*)

.rel.fini
 *(.rel.fini)

.rela.fini
 *(.rela.fini)

.rel.rodata
 *(.rel.rodata)
 *(.rel.rodata.*)
 *(.rel.gnu.linkonce.r*)

.rela.rodata
 *(.rela.rodata)
 *(.rela.rodata.*)
 *(.rela.gnu.linkonce.r*)

.rel.data
 *(.rel.data)
 *(.rel.data.*)
 *(.rel.gnu.linkonce.d*)

.rela.data
 *(.rela.data)
 *(.rela.data.*)
 *(.rela.gnu.linkonce.d*)

.rel.ctors
 *(.rel.ctors)

.rela.ctors
 *(.rela.ctors)

.rel.dtors
 *(.rel.dtors)

.rela.dtors
 *(.rela.dtors)

.rel.got
 *(.rel.got)

.rela.got
 *(.rela.got)

.rel.bss
 *(.rel.bss)

.rela.bss
 *(.rela.bss)

.rel.plt
 *(.rel.plt)

.rela.plt
 *(.rela.plt)

.text           0x00000000      0x4ca
 *(.vectors)
 .vectors       0x00000000       0x34 c:/users/dawid/documents/mkclipse/avr toolchain/bin/../lib/gcc/avr/5.4.0/../../../../avr/lib/avr4/crtatmega48pa.o
                0x00000000                __vector_default
                0x00000000                __vectors
 *(.vectors)
 *(.progmem.gcc*)
                0x00000034                . = ALIGN (0x2)
                0x00000034                __trampolines_start = .
 *(.trampolines)
 .trampolines   0x00000034        0x0 linker stubs
 *(.trampolines*)
                0x00000034                __trampolines_end = .
 *(.progmem*)
                0x00000034                . = ALIGN (0x2)
 *(.jumptables)
 *(.jumptables*)
 *(.lowtext)
 *(.lowtext*)
                0x00000034                __ctors_start = .
 *(.ctors)
                0x00000034                __ctors_end = .
                0x00000034                __dtors_start = .
 *(.dtors)
                0x00000034                __dtors_end = .
 SORT(*)(.ctors)
 SORT(*)(.dtors)
 *(.init0)
 .init0         0x00000034        0x0 c:/users/dawid/documents/mkclipse/avr toolchain/bin/../lib/gcc/avr/5.4.0/../../../../avr/lib/avr4/crtatmega48pa.o
                0x00000034                __init
 *(.init0)
 *(.init1)
 *(.init1)
 *(.init2)
 .init2         0x00000034        0xc c:/users/dawid/documents/mkclipse/avr toolchain/bin/../lib/gcc/avr/5.4.0/../../../../avr/lib/avr4/crtatmega48pa.o
 *(.init2)
 *(.init3)
 *(.init3)
 *(.init4)
 .init4         0x00000040       0x16 c:/users/dawid/documents/mkclipse/avr toolchain/bin/../lib/gcc/avr/5.4.0/avr4\libgcc.a(_copy_data.o)
                0x00000040                __do_copy_data
 .init4         0x00000056       0x10 c:/users/dawid/documents/mkclipse/avr toolchain/bin/../lib/gcc/avr/5.4.0/avr4\libgcc.a(_clear_bss.o)
                0x00000056                __do_clear_bss
 *(.init4)
 *(.init5)
 *(.init5)
 *(.init6)
 *(.init6)
 *(.init7)
 *(.init7)
 *(.init8)
 *(.init8)
 *(.init9)
 .init9         0x00000066        0x4 c:/users/dawid/documents/mkclipse/avr toolchain/bin/../lib/gcc/avr/5.4.0/../../../../avr/lib/avr4/crtatmega48pa.o
 *(.init9)
 *(.text)
 .text          0x0000006a        0x2 c:/users/dawid/documents/mkclipse/avr toolchain/bin/../lib/gcc/avr/5.4.0/../../../../avr/lib/avr4/crtatmega48pa.o
                0x0000006a                __vector_22
                0x0000006a                __vector_1
                0x0000006a                __vector_24
                0x0000006a                __vector_12
                0x0000006a                __bad_interrupt
                0x0000006a                __vector_6
                0x0000006a                __vector_3
                0x0000006a                __vector_23
                0x0000006a                __vector_25
                0x0000006a                __vector_13
                0x0000006a                __vector_17
                0x0000006a                __vector_19
                0x0000006a                __vector_5
                0x0000006a                __vector_4
                0x0000006a                __vector_9
                0x0000006a                __vector_2
                0x0000006a                __vector_21
                0x0000006a                __vector_15
                0x0000006a                __vector_8
                0x0000006a                __vector_10
                0x0000006a                __vector_16
                0x0000006a                __vector_18
                0x0000006a                __vector_20
 .text          0x0000006c        0x0 ./buttons.o
 .text          0x0000006c        0x0 ./led_status.o
 .text          0x0000006c        0x0 ./main.o
 .text          0x0000006c        0x0 ./outputs.o
 .text          0x0000006c        0x0 ./show.o
 .text          0x0000006c        0x0 c:/users/dawid/documents/mkclipse/avr toolchain/bin/../lib/gcc/avr/5.4.0/avr4\libgcc.a(_exit.o)
 .text          0x0000006c        0x0 c:/users/dawid/documents/mkclipse/avr toolchain/bin/../lib/gcc/avr/5.4.0/avr4\libgcc.a(_copy_data.o)
 .text          0x0000006c        0x0 c:/users/dawid/documents/mkclipse/avr toolchain/bin/../lib/gcc/avr/5.4.0/avr4\libgcc.a(_clear_bss.o)
                0x0000006c                . = ALIGN (0x2)
 *(.text.*)
 .text.buttons_init
                0x0000006c       0x20 ./buttons.o
                0x0000006c                buttons_init
 .text.button_start_get_state
                0x0000008c        0x6 ./buttons.o
                0x0000008c                button_start_get_state
 .text.__vector_14
                0x00000092       0x44 ./buttons.o
                0x00000092                __vector_14
 .text.led_status_on
                0x000000d6        0x4 ./led_status.o
                0x000000d6                led_status_on
 .text.led_status_off
                0x000000da        0x4 ./led_status.o
                0x000000da                led_status_off
 .text.led_status_init
                0x000000de       0x26 ./led_status.o
                0x000000de                led_status_init
 .text.led_status_toggle
                0x00000104        0xa ./led_status.o
                0x00000104                led_status_toggle
 .text.led_status_loop
                0x0000010e        0xa ./led_status.o
                0x0000010e                led_status_loop
 .text.__vector_11
                0x00000118       0x2a ./led_status.o
                0x00000118                __vector_11
 .text.startup.main
                0x00000142       0x20 ./main.o
                0x00000142                main
 .text.outputs_init
                0x00000162      0x1e6 ./outputs.o
                0x00000162                outputs_init
 .text.output_set
                0x00000348       0x2a ./outputs.o
                0x00000348                output_set
 .text.output_clr
                0x00000372       0x2c ./outputs.o
                0x00000372                output_clr
 .text.output_set_state
                0x0000039e        0x6 ./outputs.o
                0x0000039e                output_set_state
 .text.show_init
                0x000003a4       0x1c ./show.o
                0x000003a4                show_init
 .text.show_start
                0x000003c0       0x26 ./show.o
                0x000003c0                show_start
 .text.show_get_state
                0x000003e6        0x6 ./show.o
                0x000003e6                show_get_state
 .text.show_execute
                0x000003ec       0x90 ./show.o
                0x000003ec                show_execute
 .text.__vector_7
                0x0000047c       0x4a ./show.o
                0x0000047c                __vector_7
 .text.libgcc.mul
                0x000004c6        0x0 c:/users/dawid/documents/mkclipse/avr toolchain/bin/../lib/gcc/avr/5.4.0/avr4\libgcc.a(_exit.o)
 .text.libgcc.div
                0x000004c6        0x0 c:/users/dawid/documents/mkclipse/avr toolchain/bin/../lib/gcc/avr/5.4.0/avr4\libgcc.a(_exit.o)
 .text.libgcc   0x000004c6        0x0 c:/users/dawid/documents/mkclipse/avr toolchain/bin/../lib/gcc/avr/5.4.0/avr4\libgcc.a(_exit.o)
 .text.libgcc.prologue
                0x000004c6        0x0 c:/users/dawid/documents/mkclipse/avr toolchain/bin/../lib/gcc/avr/5.4.0/avr4\libgcc.a(_exit.o)
 .text.libgcc.builtins
                0x000004c6        0x0 c:/users/dawid/documents/mkclipse/avr toolchain/bin/../lib/gcc/avr/5.4.0/avr4\libgcc.a(_exit.o)
 .text.libgcc.fmul
                0x000004c6        0x0 c:/users/dawid/documents/mkclipse/avr toolchain/bin/../lib/gcc/avr/5.4.0/avr4\libgcc.a(_exit.o)
 .text.libgcc.fixed
                0x000004c6        0x0 c:/users/dawid/documents/mkclipse/avr toolchain/bin/../lib/gcc/avr/5.4.0/avr4\libgcc.a(_exit.o)
 .text.libgcc.mul
                0x000004c6        0x0 c:/users/dawid/documents/mkclipse/avr toolchain/bin/../lib/gcc/avr/5.4.0/avr4\libgcc.a(_copy_data.o)
 .text.libgcc.div
                0x000004c6        0x0 c:/users/dawid/documents/mkclipse/avr toolchain/bin/../lib/gcc/avr/5.4.0/avr4\libgcc.a(_copy_data.o)
 .text.libgcc   0x000004c6        0x0 c:/users/dawid/documents/mkclipse/avr toolchain/bin/../lib/gcc/avr/5.4.0/avr4\libgcc.a(_copy_data.o)
 .text.libgcc.prologue
                0x000004c6        0x0 c:/users/dawid/documents/mkclipse/avr toolchain/bin/../lib/gcc/avr/5.4.0/avr4\libgcc.a(_copy_data.o)
 .text.libgcc.builtins
                0x000004c6        0x0 c:/users/dawid/documents/mkclipse/avr toolchain/bin/../lib/gcc/avr/5.4.0/avr4\libgcc.a(_copy_data.o)
 .text.libgcc.fmul
                0x000004c6        0x0 c:/users/dawid/documents/mkclipse/avr toolchain/bin/../lib/gcc/avr/5.4.0/avr4\libgcc.a(_copy_data.o)
 .text.libgcc.fixed
                0x000004c6        0x0 c:/users/dawid/documents/mkclipse/avr toolchain/bin/../lib/gcc/avr/5.4.0/avr4\libgcc.a(_copy_data.o)
 .text.libgcc.mul
                0x000004c6        0x0 c:/users/dawid/documents/mkclipse/avr toolchain/bin/../lib/gcc/avr/5.4.0/avr4\libgcc.a(_clear_bss.o)
 .text.libgcc.div
                0x000004c6        0x0 c:/users/dawid/documents/mkclipse/avr toolchain/bin/../lib/gcc/avr/5.4.0/avr4\libgcc.a(_clear_bss.o)
 .text.libgcc   0x000004c6        0x0 c:/users/dawid/documents/mkclipse/avr toolchain/bin/../lib/gcc/avr/5.4.0/avr4\libgcc.a(_clear_bss.o)
 .text.libgcc.prologue
                0x000004c6        0x0 c:/users/dawid/documents/mkclipse/avr toolchain/bin/../lib/gcc/avr/5.4.0/avr4\libgcc.a(_clear_bss.o)
 .text.libgcc.builtins
                0x000004c6        0x0 c:/users/dawid/documents/mkclipse/avr toolchain/bin/../lib/gcc/avr/5.4.0/avr4\libgcc.a(_clear_bss.o)
 .text.libgcc.fmul
                0x000004c6        0x0 c:/users/dawid/documents/mkclipse/avr toolchain/bin/../lib/gcc/avr/5.4.0/avr4\libgcc.a(_clear_bss.o)
 .text.libgcc.fixed
                0x000004c6        0x0 c:/users/dawid/documents/mkclipse/avr toolchain/bin/../lib/gcc/avr/5.4.0/avr4\libgcc.a(_clear_bss.o)
                0x000004c6                . = ALIGN (0x2)
 *(.fini9)
 .fini9         0x000004c6        0x0 c:/users/dawid/documents/mkclipse/avr toolchain/bin/../lib/gcc/avr/5.4.0/avr4\libgcc.a(_exit.o)
                0x000004c6                _exit
                0x000004c6                exit
 *(.fini9)
 *(.fini8)
 *(.fini8)
 *(.fini7)
 *(.fini7)
 *(.fini6)
 *(.fini6)
 *(.fini5)
 *(.fini5)
 *(.fini4)
 *(.fini4)
 *(.fini3)
 *(.fini3)
 *(.fini2)
 *(.fini2)
 *(.fini1)
 *(.fini1)
 *(.fini0)
 .fini0         0x000004c6        0x4 c:/users/dawid/documents/mkclipse/avr toolchain/bin/../lib/gcc/avr/5.4.0/avr4\libgcc.a(_exit.o)
 *(.fini0)
                0x000004ca                _etext = .

.data           0x00800100       0x64 load address 0x000004ca
                0x00800100                PROVIDE (__data_start, .)
 *(.data)
 .data          0x00800100        0x0 c:/users/dawid/documents/mkclipse/avr toolchain/bin/../lib/gcc/avr/5.4.0/../../../../avr/lib/avr4/crtatmega48pa.o
 .data          0x00800100        0x0 ./buttons.o
 .data          0x00800100        0x0 ./led_status.o
 .data          0x00800100        0x0 ./main.o
 .data          0x00800100        0x0 ./outputs.o
 .data          0x00800100        0x0 ./show.o
 .data          0x00800100        0x0 c:/users/dawid/documents/mkclipse/avr toolchain/bin/../lib/gcc/avr/5.4.0/avr4\libgcc.a(_exit.o)
 .data          0x00800100        0x0 c:/users/dawid/documents/mkclipse/avr toolchain/bin/../lib/gcc/avr/5.4.0/avr4\libgcc.a(_copy_data.o)
 .data          0x00800100        0x0 c:/users/dawid/documents/mkclipse/avr toolchain/bin/../lib/gcc/avr/5.4.0/avr4\libgcc.a(_clear_bss.o)
 *(.data*)
 .data.show_output
                0x00800100       0x14 ./show.o
                0x00800100                show_output
 .data.show_output_milliseconds
                0x00800114       0x50 ./show.o
                0x00800114                show_output_milliseconds
 *(.rodata)
 *(.rodata*)
 *(.gnu.linkonce.d*)
                0x00800164                . = ALIGN (0x2)
                0x00800164                _edata = .
                0x00800164                PROVIDE (__data_end, .)

.bss            0x00800164       0x6d
                0x00800164                PROVIDE (__bss_start, .)
 *(.bss)
 .bss           0x00800164        0x0 c:/users/dawid/documents/mkclipse/avr toolchain/bin/../lib/gcc/avr/5.4.0/../../../../avr/lib/avr4/crtatmega48pa.o
 .bss           0x00800164        0x0 ./buttons.o
 .bss           0x00800164        0x0 ./led_status.o
 .bss           0x00800164        0x0 ./main.o
 .bss           0x00800164        0x0 ./outputs.o
 .bss           0x00800164        0x0 ./show.o
 .bss           0x00800164        0x0 c:/users/dawid/documents/mkclipse/avr toolchain/bin/../lib/gcc/avr/5.4.0/avr4\libgcc.a(_exit.o)
 .bss           0x00800164        0x0 c:/users/dawid/documents/mkclipse/avr toolchain/bin/../lib/gcc/avr/5.4.0/avr4\libgcc.a(_copy_data.o)
 .bss           0x00800164        0x0 c:/users/dawid/documents/mkclipse/avr toolchain/bin/../lib/gcc/avr/5.4.0/avr4\libgcc.a(_clear_bss.o)
 *(.bss*)
 .bss.button_start_hold_cnt.1625
                0x00800164        0x1 ./buttons.o
 .bss.button_init_state_released.1626
                0x00800165        0x1 ./buttons.o
 .bss.button_start_state
                0x00800166        0x1 ./buttons.o
                0x00800166                button_start_state
 .bss.led_state
                0x00800167        0x1 ./led_status.o
                0x00800167                led_state
 .bss.show_state
                0x00800168        0x1 ./show.o
                0x00800168                show_state
 *(COMMON)
 COMMON         0x00800169       0x64 ./outputs.o
                0x00800169                outputs
 COMMON         0x008001cd        0x4 ./show.o
                0x008001cd                show_time
                0x008001d1                PROVIDE (__bss_end, .)
                0x000004ca                __data_load_start = LOADADDR (.data)
                0x0000052e                __data_load_end = (__data_load_start + SIZEOF (.data))

.noinit         0x008001d1        0x0
                0x008001d1                PROVIDE (__noinit_start, .)
 *(.noinit*)
                0x008001d1                PROVIDE (__noinit_end, .)
                0x008001d1                _end = .
                0x008001d1                PROVIDE (__heap_start, .)

.eeprom         0x00810000        0x0
 *(.eeprom*)
                0x00810000                __eeprom_end = .

.fuse
 *(.fuse)
 *(.lfuse)
 *(.hfuse)
 *(.efuse)

.lock
 *(.lock*)

.signature
 *(.signature*)

.user_signatures
 *(.user_signatures*)

.stab
 *(.stab)

.stabstr
 *(.stabstr)

.stab.excl
 *(.stab.excl)

.stab.exclstr
 *(.stab.exclstr)

.stab.index
 *(.stab.index)

.stab.indexstr
 *(.stab.indexstr)

.comment        0x00000000       0x30
 *(.comment)
 .comment       0x00000000       0x30 ./buttons.o
                                 0x31 (size before relaxing)
 .comment       0x00000000       0x31 ./led_status.o
 .comment       0x00000000       0x31 ./main.o
 .comment       0x00000000       0x31 ./outputs.o
 .comment       0x00000000       0x31 ./show.o

.note.gnu.avr.deviceinfo
                0x00000000       0x40
 .note.gnu.avr.deviceinfo
                0x00000000       0x40 c:/users/dawid/documents/mkclipse/avr toolchain/bin/../lib/gcc/avr/5.4.0/../../../../avr/lib/avr4/crtatmega48pa.o

.note.gnu.build-id
 *(.note.gnu.build-id)

.debug
 *(.debug)

.line
 *(.line)

.debug_srcinfo
 *(.debug_srcinfo)

.debug_sfnames
 *(.debug_sfnames)

.debug_aranges
 *(.debug_aranges)

.debug_pubnames
 *(.debug_pubnames)

.debug_info     0x00000000      0x5f4
 *(.debug_info .gnu.linkonce.wi.*)
 .debug_info    0x00000000      0x5f4 c:/users/dawid/documents/mkclipse/avr toolchain/bin/../lib/gcc/avr/5.4.0/../../../../avr/lib/avr4/crtatmega48pa.o

.debug_abbrev   0x00000000      0x5a2
 *(.debug_abbrev)
 .debug_abbrev  0x00000000      0x5a2 c:/users/dawid/documents/mkclipse/avr toolchain/bin/../lib/gcc/avr/5.4.0/../../../../avr/lib/avr4/crtatmega48pa.o

.debug_line     0x00000000       0x1a
 *(.debug_line .debug_line.* .debug_line_end)
 .debug_line    0x00000000       0x1a c:/users/dawid/documents/mkclipse/avr toolchain/bin/../lib/gcc/avr/5.4.0/../../../../avr/lib/avr4/crtatmega48pa.o

.debug_frame
 *(.debug_frame)

.debug_str      0x00000000      0x209
 *(.debug_str)
 .debug_str     0x00000000      0x209 c:/users/dawid/documents/mkclipse/avr toolchain/bin/../lib/gcc/avr/5.4.0/../../../../avr/lib/avr4/crtatmega48pa.o

.debug_loc
 *(.debug_loc)

.debug_macinfo
 *(.debug_macinfo)

.debug_weaknames
 *(.debug_weaknames)

.debug_funcnames
 *(.debug_funcnames)

.debug_typenames
 *(.debug_typenames)

.debug_varnames
 *(.debug_varnames)

.debug_pubtypes
 *(.debug_pubtypes)

.debug_ranges
 *(.debug_ranges)

.debug_macro
 *(.debug_macro)
OUTPUT(basic_singleuse_controller.elf elf32-avr)
LOAD linker stubs
